<?xml version="1.0" encoding="UTF-8" standalone="no"?>
<corpus ID="100" XMLCreated="Mon Mar 17 19:22:05 ART 2014" name="ONE">
  <documents>
    <document ID="1" description="TWO">
      <paragraphs>
        <paragraph ID="2" documentOrder="1">
          <sentences>
            <sentence ID="0">
              <text>In July 1953 , an armistice took effect with Korea divided along approximately the same boundary as in 1950. The armistice and boundary remain in effect today , with American soldiers stationed there to guarantee it. The armistice , concluded despite opposition from Secretary Dulles , South Korean President Syngman Rhee , and also within Eisenhower 's party , has been described by biographer Ambrose as the greatest achievement of the administration .</text>
              <annotationSets>
                <annotationSet ID="0" frameName="Desirability">
                  <layers>
                    <layer ID="1" name="Target">
                      <labels>
                        <label ID="101" end="417" name="Target" start="410"/>
                      </labels>
                    </layer>
                    <layer ID="2" name="FE">
                      <labels>
                        <label ID="201" end="429" name="Evaluee" start="419"/>
                      </labels>
                    </layer>
                  </layers>
                </annotationSet>
                <annotationSet ID="1" frameName="Locative_relation">
                  <layers>
                    <layer ID="101" name="Target">
                      <labels>
                        <label ID="10101" end="198" name="Target" start="194"/>
                      </labels>
                    </layer>
                    <layer ID="102" name="FE">
                      <labels>
                        <label ID="10201" end="198" name="Ground" start="194"/>
                      </labels>
                    </layer>
                  </layers>
                </annotationSet>
                <annotationSet ID="2" frameName="Temporal_collocation">
                  <layers>
                    <layer ID="201" name="Target">
                      <labels>
                        <label ID="20101" end="157" name="Target" start="153"/>
                      </labels>
                    </layer>
                    <layer ID="202" name="FE">
                      <labels>
                        <label ID="20201" end="134" name="Trajector_event" start="109"/>
                      </labels>
                    </layer>
                  </layers>
                </annotationSet>
                <annotationSet ID="3" frameName="Likelihood">
                  <layers>
                    <layer ID="301" name="Target">
                      <labels>
                        <label ID="30101" end="211" name="Target" start="203"/>
                      </labels>
                    </layer>
                    <layer ID="302" name="FE">
                      <labels>
                        <label ID="30201" end="182" name="Hypothetical_event" start="166"/>
                      </labels>
                    </layer>
                  </layers>
                </annotationSet>
                <annotationSet ID="4" frameName="Separating">
                  <layers>
                    <layer ID="401" name="Target">
                      <labels>
                        <label ID="40101" end="57" name="Target" start="51"/>
                      </labels>
                    </layer>
                    <layer ID="402" name="FE">
                      <labels/>
                    </layer>
                  </layers>
                </annotationSet>
                <annotationSet ID="5" frameName="Origin">
                  <layers>
                    <layer ID="501" name="Target">
                      <labels>
                        <label ID="50101" end="173" name="Target" start="166"/>
                      </labels>
                    </layer>
                    <layer ID="502" name="FE">
                      <labels>
                        <label ID="50201" end="173" name="Origin" start="166"/>
                        <label ID="50202" end="182" name="Entity" start="175"/>
                      </labels>
                    </layer>
                  </layers>
                </annotationSet>
                <annotationSet ID="6" frameName="Boundary">
                  <layers>
                    <layer ID="601" name="Target">
                      <labels>
                        <label ID="60101" end="95" name="Target" start="88"/>
                      </labels>
                    </layer>
                    <layer ID="602" name="FE">
                      <labels>
                        <label ID="60201" end="95" name="Boundary" start="88"/>
                      </labels>
                    </layer>
                  </layers>
                </annotationSet>
                <annotationSet ID="7" frameName="Leadership">
                  <layers>
                    <layer ID="701" name="Target">
                      <labels>
                        <label ID="70101" end="307" name="Target" start="299"/>
                      </labels>
                    </layer>
                    <layer ID="702" name="FE">
                      <labels>
                        <label ID="70201" end="307" name="Leader" start="299"/>
                      </labels>
                    </layer>
                  </layers>
                </annotationSet>
                <annotationSet ID="8" frameName="Bringing">
                  <layers>
                    <layer ID="801" name="Target">
                      <labels>
                        <label ID="80101" end="31" name="Target" start="28"/>
                      </labels>
                    </layer>
                    <layer ID="802" name="FE">
                      <labels>
                        <label ID="80201" end="26" name="Agent" start="15"/>
                        <label ID="80202" end="11" name="Time" start="0"/>
                        <label ID="80203" end="38" name="Theme" start="33"/>
                      </labels>
                    </layer>
                  </layers>
                </annotationSet>
                <annotationSet ID="9" frameName="Objective_influence">
                  <layers>
                    <layer ID="901" name="Target">
                      <labels>
                        <label ID="90101" end="151" name="Target" start="146"/>
                      </labels>
                    </layer>
                    <layer ID="902" name="FE">
                      <labels>
                        <label ID="90201" end="157" name="Time" start="153"/>
                      </labels>
                    </layer>
                  </layers>
                </annotationSet>
                <annotationSet ID="10" frameName="Boundary">
                  <layers>
                    <layer ID="1001" name="Target">
                      <labels>
                        <label ID="100101" end="134" name="Target" start="127"/>
                      </labels>
                    </layer>
                    <layer ID="1002" name="FE">
                      <labels>
                        <label ID="100201" end="134" name="Boundary" start="127"/>
                      </labels>
                    </layer>
                  </layers>
                </annotationSet>
                <annotationSet ID="11" frameName="State_continue">
                  <layers>
                    <layer ID="1101" name="Target">
                      <labels>
                        <label ID="110101" end="141" name="Target" start="136"/>
                      </labels>
                    </layer>
                    <layer ID="1102" name="FE">
                      <labels>
                        <label ID="110201" end="134" name="Entity" start="109"/>
                        <label ID="110202" end="151" name="State" start="143"/>
                      </labels>
                    </layer>
                  </layers>
                </annotationSet>
                <annotationSet ID="12" frameName="Calendric_unit">
                  <layers>
                    <layer ID="1201" name="Target">
                      <labels>
                        <label ID="120101" end="6" name="Target" start="3"/>
                      </labels>
                    </layer>
                    <layer ID="1202" name="FE">
                      <labels>
                        <label ID="120201" end="6" name="Unit" start="3"/>
                      </labels>
                    </layer>
                  </layers>
                </annotationSet>
                <annotationSet ID="13" frameName="Relational_quantity">
                  <layers>
                    <layer ID="1301" name="Target">
                      <labels>
                        <label ID="130101" end="77" name="Target" start="65"/>
                      </labels>
                    </layer>
                    <layer ID="1302" name="FE">
                      <labels>
                        <label ID="130201" end="95" name="Individuals" start="88"/>
                        <label ID="130202" end="77" name="Denoted_quantity" start="65"/>
                      </labels>
                    </layer>
                  </layers>
                </annotationSet>
                <annotationSet ID="14" frameName="Objective_influence">
                  <layers>
                    <layer ID="1401" name="Target">
                      <labels>
                        <label ID="140101" end="38" name="Target" start="33"/>
                      </labels>
                    </layer>
                    <layer ID="1402" name="FE">
                      <labels>
                        <label ID="140201" end="11" name="Time" start="0"/>
                      </labels>
                    </layer>
                  </layers>
                </annotationSet>
                <annotationSet ID="15" frameName="People_by_vocation">
                  <layers>
                    <layer ID="1501" name="Target">
                      <labels>
                        <label ID="150101" end="182" name="Target" start="175"/>
                      </labels>
                    </layer>
                    <layer ID="1502" name="FE">
                      <labels>
                        <label ID="150201" end="182" name="Person" start="175"/>
                        <label ID="150202" end="173" name="Employer" start="166"/>
                      </labels>
                    </layer>
                  </layers>
                </annotationSet>
                <annotationSet ID="16" frameName="Part_orientational">
                  <layers>
                    <layer ID="1601" name="Target">
                      <labels>
                        <label ID="160101" end="290" name="Target" start="286"/>
                      </labels>
                    </layer>
                    <layer ID="1602" name="FE">
                      <labels>
                        <label ID="160201" end="297" name="Whole" start="292"/>
                      </labels>
                    </layer>
                  </layers>
                </annotationSet>
                <annotationSet ID="17" frameName="Organization">
                  <layers>
                    <layer ID="1701" name="Target">
                      <labels>
                        <label ID="170101" end="451" name="Target" start="438"/>
                      </labels>
                    </layer>
                    <layer ID="1702" name="FE">
                      <labels>
                        <label ID="170201" end="451" name="Organization" start="438"/>
                      </labels>
                    </layer>
                  </layers>
                </annotationSet>
                <annotationSet ID="18" frameName="Activity_finish">
                  <layers>
                    <layer ID="1801" name="Target">
                      <labels>
                        <label ID="180101" end="241" name="Target" start="233"/>
                      </labels>
                    </layer>
                    <layer ID="1802" name="FE">
                      <labels>
                        <label ID="180201" end="229" name="Activity" start="161"/>
                        <label ID="180202" end="11" name="Time" start="0"/>
                      </labels>
                    </layer>
                  </layers>
                </annotationSet>
                <annotationSet ID="19" frameName="Leadership">
                  <layers>
                    <layer ID="1901" name="Target">
                      <labels>
                        <label ID="190101" end="275" name="Target" start="267"/>
                      </labels>
                    </layer>
                    <layer ID="1902" name="FE">
                      <labels>
                        <label ID="190201" end="275" name="Leader" start="267"/>
                      </labels>
                    </layer>
                  </layers>
                </annotationSet>
                <annotationSet ID="20" frameName="Taking_sides">
                  <layers>
                    <layer ID="2001" name="Target">
                      <labels>
                        <label ID="200101" end="260" name="Target" start="251"/>
                      </labels>
                    </layer>
                    <layer ID="2002" name="FE">
                      <labels>
                        <label ID="200201" end="320" name="Cognizer" start="262"/>
                      </labels>
                    </layer>
                  </layers>
                </annotationSet>
                <annotationSet ID="21" frameName="Identicality">
                  <layers>
                    <layer ID="2101" name="Target">
                      <labels>
                        <label ID="210101" end="86" name="Target" start="83"/>
                      </labels>
                    </layer>
                    <layer ID="2102" name="FE">
                      <labels>
                        <label ID="210201" end="95" name="Type" start="88"/>
                      </labels>
                    </layer>
                  </layers>
                </annotationSet>
                <annotationSet ID="22" frameName="Progress">
                  <layers>
                    <layer ID="2201" name="Target">
                      <labels>
                        <label ID="220101" end="429" name="Target" start="419"/>
                      </labels>
                    </layer>
                    <layer ID="2202" name="FE">
                      <labels>
                        <label ID="220201" end="451" name="Entity" start="431"/>
                      </labels>
                    </layer>
                  </layers>
                </annotationSet>
                <annotationSet ID="23" frameName="Participation">
                  <layers>
                    <layer ID="2301" name="Target">
                      <labels>
                        <label ID="230101" end="358" name="Target" start="354"/>
                      </labels>
                    </layer>
                    <layer ID="2302" name="FE">
                      <labels>
                        <label ID="230201" end="352" name="Participant_1" start="340"/>
                      </labels>
                    </layer>
                  </layers>
                </annotationSet>
                <annotationSet ID="24" frameName="Communicate_categorization">
                  <layers>
                    <layer ID="2401" name="Target">
                      <labels>
                        <label ID="240101" end="379" name="Target" start="371"/>
                      </labels>
                    </layer>
                    <layer ID="2402" name="FE">
                      <labels>
                        <label ID="240201" end="451" name="Item" start="381"/>
                      </labels>
                    </layer>
                  </layers>
                </annotationSet>
              </annotationSets>
            </sentence>
          </sentences>
        </paragraph>
      </paragraphs>
    </document>
  </documents>
</corpus>
