<?xml version="1.0" encoding="UTF-8" standalone="no"?>
<corpus ID="100" XMLCreated="Thu Apr 17 21:41:28 ART 2014" name="ONE">
  <documents>
    <document ID="1" description="TWO">
      <paragraphs>
        <paragraph ID="2" documentOrder="1">
          <sentences>
            <sentence ID="0">
              <text>Ratners Group PLC , a fast-growing , acquisition-minded London-based jeweler , raised its price for Seattle-based specialty jeweler Weisfield 's Inc. to $ 57.50 a share , or $ 62.1 million , from $ 50 a share , or $ 55 million , after another concern said it would be prepared to outbid Ratners 's initial offer .</text>
              <annotationSets>
                <annotationSet ID="0" frameName="Cardinal_numbers">
                  <layers>
                    <layer ID="1" name="Target">
                      <labels>
                        <label ID="101" end="225" name="Target" start="219"/>
                      </labels>
                    </layer>
                    <layer ID="2" name="FE">
                      <labels>
                        <label ID="201" end="225" name="Number" start="219"/>
                        <label ID="202" end="217" name="Multiplier" start="216"/>
                      </labels>
                    </layer>
                  </layers>
                </annotationSet>
                <annotationSet ID="1" frameName="Emotion_directed">
                  <layers>
                    <layer ID="101" name="Target">
                      <labels>
                        <label ID="10101" end="249" name="Target" start="243"/>
                      </labels>
                    </layer>
                    <layer ID="102" name="FE">
                      <labels/>
                    </layer>
                  </layers>
                </annotationSet>
                <annotationSet ID="2" frameName="Cardinal_numbers">
                  <layers>
                    <layer ID="201" name="Target">
                      <labels>
                        <label ID="20101" end="187" name="Target" start="181"/>
                      </labels>
                    </layer>
                    <layer ID="202" name="FE">
                      <labels>
                        <label ID="20201" end="187" name="Number" start="181"/>
                        <label ID="20202" end="179" name="Multiplier" start="176"/>
                      </labels>
                    </layer>
                  </layers>
                </annotationSet>
                <annotationSet ID="3" frameName="Cardinal_numbers">
                  <layers>
                    <layer ID="301" name="Target">
                      <labels>
                        <label ID="30101" end="199" name="Target" start="198"/>
                      </labels>
                    </layer>
                    <layer ID="302" name="FE">
                      <labels>
                        <label ID="30201" end="207" name="Entity" start="203"/>
                        <label ID="30202" end="199" name="Number" start="198"/>
                      </labels>
                    </layer>
                  </layers>
                </annotationSet>
                <annotationSet ID="4" frameName="Version_sequence">
                  <layers>
                    <layer ID="401" name="Target">
                      <labels>
                        <label ID="40101" end="304" name="Target" start="298"/>
                      </labels>
                    </layer>
                    <layer ID="402" name="FE">
                      <labels>
                        <label ID="40201" end="310" name="Item" start="306"/>
                      </labels>
                    </layer>
                  </layers>
                </annotationSet>
                <annotationSet ID="5" frameName="Increment">
                  <layers>
                    <layer ID="501" name="Target">
                      <labels>
                        <label ID="50101" end="241" name="Target" start="235"/>
                      </labels>
                    </layer>
                    <layer ID="502" name="FE">
                      <labels>
                        <label ID="50201" end="249" name="Class" start="243"/>
                      </labels>
                    </layer>
                  </layers>
                </annotationSet>
                <annotationSet ID="6" frameName="Causation">
                  <layers>
                    <layer ID="601" name="Target">
                      <labels>
                        <label ID="60101" end="84" name="Target" start="79"/>
                      </labels>
                    </layer>
                    <layer ID="602" name="FE">
                      <labels>
                        <label ID="60201" end="148" name="Effect" start="86"/>
                        <label ID="60202" end="75" name="Cause" start="0"/>
                      </labels>
                    </layer>
                  </layers>
                </annotationSet>
                <annotationSet ID="7" frameName="Aggregate">
                  <layers>
                    <layer ID="701" name="Target">
                      <labels>
                        <label ID="70101" end="12" name="Target" start="8"/>
                      </labels>
                    </layer>
                    <layer ID="702" name="FE">
                      <labels>
                        <label ID="70201" end="12" name="Aggregate" start="8"/>
                      </labels>
                    </layer>
                  </layers>
                </annotationSet>
                <annotationSet ID="8" frameName="Activity_ready_state">
                  <layers>
                    <layer ID="801" name="Target">
                      <labels>
                        <label ID="80101" end="275" name="Target" start="268"/>
                      </labels>
                    </layer>
                    <layer ID="802" name="FE">
                      <labels>
                        <label ID="80201" end="310" name="Activity" start="277"/>
                      </labels>
                    </layer>
                  </layers>
                </annotationSet>
                <annotationSet ID="9" frameName="Statement">
                  <layers>
                    <layer ID="901" name="Target">
                      <labels>
                        <label ID="90101" end="254" name="Target" start="251"/>
                      </labels>
                    </layer>
                    <layer ID="902" name="FE">
                      <labels>
                        <label ID="90201" end="310" name="Message" start="256"/>
                        <label ID="90202" end="249" name="Speaker" start="229"/>
                      </labels>
                    </layer>
                  </layers>
                </annotationSet>
                <annotationSet ID="10" frameName="Commerce_scenario">
                  <layers>
                    <layer ID="1001" name="Target">
                      <labels>
                        <label ID="100101" end="94" name="Target" start="90"/>
                      </labels>
                    </layer>
                    <layer ID="1002" name="FE">
                      <labels/>
                    </layer>
                  </layers>
                </annotationSet>
              </annotationSets>
            </sentence>
            <sentence ID="1">
              <text>The other concern was n't identified .</text>
              <annotationSets>
                <annotationSet ID="100" frameName="Increment">
                  <layers>
                    <layer ID="10001" name="Target">
                      <labels>
                        <label ID="1000101" end="8" name="Target" start="4"/>
                      </labels>
                    </layer>
                    <layer ID="10002" name="FE">
                      <labels>
                        <label ID="1000201" end="16" name="Class" start="10"/>
                      </labels>
                    </layer>
                  </layers>
                </annotationSet>
                <annotationSet ID="101" frameName="Emotion_directed">
                  <layers>
                    <layer ID="10101" name="Target">
                      <labels>
                        <label ID="1010101" end="16" name="Target" start="10"/>
                      </labels>
                    </layer>
                    <layer ID="10102" name="FE">
                      <labels/>
                    </layer>
                  </layers>
                </annotationSet>
                <annotationSet ID="102" frameName="Verification">
                  <layers>
                    <layer ID="10201" name="Target">
                      <labels>
                        <label ID="1020101" end="35" name="Target" start="26"/>
                      </labels>
                    </layer>
                    <layer ID="10202" name="FE">
                      <labels>
                        <label ID="1020201" end="16" name="Unconfirmed_content" start="0"/>
                      </labels>
                    </layer>
                  </layers>
                </annotationSet>
              </annotationSets>
            </sentence>
            <sentence ID="2">
              <text>Ratners 's chairman , Gerald Ratner , said the deal remains of `` substantial benefit to Ratners . ''</text>
              <annotationSets>
                <annotationSet ID="200" frameName="Left_to_do">
                  <layers>
                    <layer ID="20001" name="Target">
                      <labels>
                        <label ID="2000101" end="58" name="Target" start="52"/>
                      </labels>
                    </layer>
                    <layer ID="20002" name="FE">
                      <labels>
                        <label ID="2000201" end="50" name="Remainder" start="47"/>
                        <label ID="2000202" end="95" name="Process" start="60"/>
                      </labels>
                    </layer>
                  </layers>
                </annotationSet>
                <annotationSet ID="201" frameName="Statement">
                  <layers>
                    <layer ID="20101" name="Target">
                      <labels>
                        <label ID="2010101" end="41" name="Target" start="38"/>
                      </labels>
                    </layer>
                    <layer ID="20102" name="FE">
                      <labels>
                        <label ID="2010201" end="95" name="Message" start="43"/>
                        <label ID="2010202" end="34" name="Speaker" start="0"/>
                      </labels>
                    </layer>
                  </layers>
                </annotationSet>
                <annotationSet ID="202" frameName="Leadership">
                  <layers>
                    <layer ID="20201" name="Target">
                      <labels>
                        <label ID="2020101" end="18" name="Target" start="11"/>
                      </labels>
                    </layer>
                    <layer ID="20202" name="FE">
                      <labels>
                        <label ID="2020201" end="9" name="Governed" start="0"/>
                      </labels>
                    </layer>
                  </layers>
                </annotationSet>
                <annotationSet ID="203" frameName="Make_agreement_on_action">
                  <layers>
                    <layer ID="20301" name="Target">
                      <labels>
                        <label ID="2030101" end="50" name="Target" start="47"/>
                      </labels>
                    </layer>
                    <layer ID="20302" name="FE">
                      <labels/>
                    </layer>
                  </layers>
                </annotationSet>
              </annotationSets>
            </sentence>
            <sentence ID="3">
              <text>In London at mid-afternoon yesterday , Ratners 's shares were up 2 pence -LRB- 1.26 cents -RRB- , at 260 pence -LRB- $ 1.64 -RRB- .</text>
              <annotationSets>
                <annotationSet ID="300" frameName="Cardinal_numbers">
                  <layers>
                    <layer ID="30001" name="Target">
                      <labels>
                        <label ID="3000101" end="65" name="Target" start="65"/>
                      </labels>
                    </layer>
                    <layer ID="30002" name="FE">
                      <labels>
                        <label ID="3000201" end="71" name="Entity" start="67"/>
                        <label ID="3000202" end="65" name="Number" start="65"/>
                      </labels>
                    </layer>
                  </layers>
                </annotationSet>
                <annotationSet ID="301" frameName="Calendric_unit">
                  <layers>
                    <layer ID="30101" name="Target">
                      <labels>
                        <label ID="3010101" end="35" name="Target" start="27"/>
                      </labels>
                    </layer>
                    <layer ID="30102" name="FE">
                      <labels>
                        <label ID="3010201" end="35" name="Unit" start="27"/>
                      </labels>
                    </layer>
                  </layers>
                </annotationSet>
              </annotationSets>
            </sentence>
            <sentence ID="4">
              <text>The sweetened offer has acceptances from more than 50 % of Weisfield 's shareholders , and it is scheduled for completion by Dec. 10 .</text>
              <annotationSets>
                <annotationSet ID="400" frameName="Increment">
                  <layers>
                    <layer ID="40001" name="Target">
                      <labels>
                        <label ID="4000101" end="44" name="Target" start="41"/>
                      </labels>
                    </layer>
                    <layer ID="40002" name="FE">
                      <labels>
                        <label ID="4000201" end="52" name="Class" start="46"/>
                      </labels>
                    </layer>
                  </layers>
                </annotationSet>
                <annotationSet ID="401" frameName="Grant_permission">
                  <layers>
                    <layer ID="40101" name="Target">
                      <labels>
                        <label ID="4010101" end="34" name="Target" start="24"/>
                      </labels>
                    </layer>
                    <layer ID="40102" name="FE">
                      <labels>
                        <label ID="4010201" end="34" name="Action" start="24"/>
                      </labels>
                    </layer>
                  </layers>
                </annotationSet>
                <annotationSet ID="402" frameName="Possession">
                  <layers>
                    <layer ID="40201" name="Target">
                      <labels>
                        <label ID="4020101" end="22" name="Target" start="20"/>
                      </labels>
                    </layer>
                    <layer ID="40202" name="FE">
                      <labels>
                        <label ID="4020201" end="83" name="Possession" start="24"/>
                        <label ID="4020202" end="18" name="Owner" start="0"/>
                      </labels>
                    </layer>
                  </layers>
                </annotationSet>
                <annotationSet ID="403" frameName="Cardinal_numbers">
                  <layers>
                    <layer ID="40301" name="Target">
                      <labels>
                        <label ID="4030101" end="131" name="Target" start="130"/>
                      </labels>
                    </layer>
                    <layer ID="40302" name="FE">
                      <labels>
                        <label ID="4030201" end="131" name="Number" start="130"/>
                      </labels>
                    </layer>
                  </layers>
                </annotationSet>
                <annotationSet ID="404" frameName="Cardinal_numbers">
                  <layers>
                    <layer ID="40401" name="Target">
                      <labels>
                        <label ID="4040101" end="52" name="Target" start="51"/>
                      </labels>
                    </layer>
                    <layer ID="40402" name="FE">
                      <labels>
                        <label ID="4040201" end="83" name="Entity" start="54"/>
                        <label ID="4040202" end="52" name="Number" start="51"/>
                      </labels>
                    </layer>
                  </layers>
                </annotationSet>
                <annotationSet ID="405" frameName="Activity_finish">
                  <layers>
                    <layer ID="40501" name="Target">
                      <labels>
                        <label ID="4050101" end="120" name="Target" start="111"/>
                      </labels>
                    </layer>
                    <layer ID="40502" name="FE">
                      <labels>
                        <label ID="4050201" end="92" name="Activity" start="91"/>
                      </labels>
                    </layer>
                  </layers>
                </annotationSet>
              </annotationSets>
            </sentence>
            <sentence ID="5">
              <text>The acquisition of 87-store Weisfield 's raises Ratners 's U.S. presence to 450 stores .</text>
              <annotationSets>
                <annotationSet ID="500" frameName="Presence">
                  <layers>
                    <layer ID="50001" name="Target">
                      <labels>
                        <label ID="5000101" end="71" name="Target" start="64"/>
                      </labels>
                    </layer>
                    <layer ID="50002" name="FE">
                      <labels>
                        <label ID="5000201" end="62" name="Entity" start="59"/>
                      </labels>
                    </layer>
                  </layers>
                </annotationSet>
                <annotationSet ID="501" frameName="Getting">
                  <layers>
                    <layer ID="50101" name="Target">
                      <labels>
                        <label ID="5010101" end="14" name="Target" start="4"/>
                      </labels>
                    </layer>
                    <layer ID="50102" name="FE">
                      <labels>
                        <label ID="5010201" end="39" name="Theme" start="16"/>
                      </labels>
                    </layer>
                  </layers>
                </annotationSet>
                <annotationSet ID="502" frameName="Storing">
                  <layers>
                    <layer ID="50201" name="Target">
                      <labels>
                        <label ID="5020101" end="85" name="Target" start="80"/>
                      </labels>
                    </layer>
                    <layer ID="50202" name="FE">
                      <labels>
                        <label ID="5020201" end="78" name="Theme" start="76"/>
                      </labels>
                    </layer>
                  </layers>
                </annotationSet>
                <annotationSet ID="503" frameName="Cardinal_numbers">
                  <layers>
                    <layer ID="50301" name="Target">
                      <labels>
                        <label ID="5030101" end="78" name="Target" start="76"/>
                      </labels>
                    </layer>
                    <layer ID="50302" name="FE">
                      <labels>
                        <label ID="5030201" end="85" name="Entity" start="80"/>
                        <label ID="5030202" end="78" name="Number" start="76"/>
                      </labels>
                    </layer>
                  </layers>
                </annotationSet>
                <annotationSet ID="504" frameName="Cause_change_of_position_on_a_scale">
                  <layers>
                    <layer ID="50401" name="Target">
                      <labels>
                        <label ID="5040101" end="46" name="Target" start="41"/>
                      </labels>
                    </layer>
                    <layer ID="50402" name="FE">
                      <labels>
                        <label ID="5040201" end="85" name="Value_2" start="73"/>
                        <label ID="5040202" end="39" name="Cause" start="0"/>
                      </labels>
                    </layer>
                  </layers>
                </annotationSet>
              </annotationSets>
            </sentence>
            <sentence ID="6">
              <text>About 30 % of Ratners 's profit already is derived from the U.S.</text>
              <annotationSets>
                <annotationSet ID="600" frameName="Cardinal_numbers">
                  <layers>
                    <layer ID="60001" name="Target">
                      <labels>
                        <label ID="6000101" end="7" name="Target" start="6"/>
                      </labels>
                    </layer>
                    <layer ID="60002" name="FE">
                      <labels>
                        <label ID="6000201" end="30" name="Entity" start="9"/>
                        <label ID="6000202" end="7" name="Number" start="6"/>
                      </labels>
                    </layer>
                  </layers>
                </annotationSet>
                <annotationSet ID="601" frameName="Time_vector">
                  <layers>
                    <layer ID="60101" name="Target">
                      <labels>
                        <label ID="6010101" end="38" name="Target" start="32"/>
                      </labels>
                    </layer>
                    <layer ID="60102" name="FE">
                      <labels>
                        <label ID="6010201" end="30" name="Event" start="9"/>
                        <label ID="6010202" end="38" name="Direction" start="32"/>
                      </labels>
                    </layer>
                  </layers>
                </annotationSet>
                <annotationSet ID="602" frameName="Earnings_and_losses">
                  <layers>
                    <layer ID="60201" name="Target">
                      <labels>
                        <label ID="6020101" end="30" name="Target" start="25"/>
                      </labels>
                    </layer>
                    <layer ID="60202" name="FE">
                      <labels>
                        <label ID="6020201" end="23" name="Earnings" start="14"/>
                      </labels>
                    </layer>
                  </layers>
                </annotationSet>
              </annotationSets>
            </sentence>
          </sentences>
        </paragraph>
      </paragraphs>
    </document>
  </documents>
</corpus>
