<?xml version="1.0" encoding="UTF-8" standalone="no"?>
<corpus ID="100" XMLCreated="Thu Apr 17 21:55:49 ART 2014" name="ONE">
  <documents>
    <document ID="1" description="TWO">
      <paragraphs>
        <paragraph ID="2" documentOrder="1">
          <sentences>
            <sentence ID="0">
              <text>Ratners Group PLC 's U.S. subsidiary has agreed to acquire jewelry retailer Weisfield 's Inc. for $ 50 a share , or about $ 55 million .</text>
              <annotationSets>
                <annotationSet ID="0" frameName="Make_agreement_on_action">
                  <layers>
                    <layer ID="1" name="Target">
                      <labels>
                        <label ID="101" end="46" name="Target" start="41"/>
                      </labels>
                    </layer>
                    <layer ID="2" name="FE">
                      <labels>
                        <label ID="201" end="133" name="Obligation" start="48"/>
                      </labels>
                    </layer>
                  </layers>
                </annotationSet>
                <annotationSet ID="1" frameName="Commerce_scenario">
                  <layers>
                    <layer ID="101" name="Target">
                      <labels>
                        <label ID="10101" end="74" name="Target" start="67"/>
                      </labels>
                    </layer>
                    <layer ID="102" name="FE">
                      <labels/>
                    </layer>
                  </layers>
                </annotationSet>
                <annotationSet ID="2" frameName="Cardinal_numbers">
                  <layers>
                    <layer ID="201" name="Target">
                      <labels>
                        <label ID="20101" end="133" name="Target" start="127"/>
                      </labels>
                    </layer>
                    <layer ID="202" name="FE">
                      <labels>
                        <label ID="20201" end="133" name="Number" start="127"/>
                      </labels>
                    </layer>
                  </layers>
                </annotationSet>
                <annotationSet ID="3" frameName="Cardinal_numbers">
                  <layers>
                    <layer ID="301" name="Target">
                      <labels>
                        <label ID="30101" end="101" name="Target" start="100"/>
                      </labels>
                    </layer>
                    <layer ID="302" name="FE">
                      <labels>
                        <label ID="30201" end="109" name="Entity" start="105"/>
                        <label ID="30202" end="101" name="Number" start="100"/>
                      </labels>
                    </layer>
                  </layers>
                </annotationSet>
                <annotationSet ID="4" frameName="Aggregate">
                  <layers>
                    <layer ID="401" name="Target">
                      <labels>
                        <label ID="40101" end="12" name="Target" start="8"/>
                      </labels>
                    </layer>
                    <layer ID="402" name="FE">
                      <labels>
                        <label ID="40201" end="12" name="Aggregate" start="8"/>
                      </labels>
                    </layer>
                  </layers>
                </annotationSet>
                <annotationSet ID="5" frameName="Getting">
                  <layers>
                    <layer ID="501" name="Target">
                      <labels>
                        <label ID="50101" end="57" name="Target" start="51"/>
                      </labels>
                    </layer>
                    <layer ID="502" name="FE">
                      <labels>
                        <label ID="50201" end="92" name="Theme" start="59"/>
                      </labels>
                    </layer>
                  </layers>
                </annotationSet>
              </annotationSets>
            </sentence>
            <sentence ID="1">
              <text>Weisfield 's shares soared on the announcement yesterday , closing up $ 11 to close at $ 50 in national over-the-counter trading .</text>
              <annotationSets>
                <annotationSet ID="100" frameName="Change_position_on_a_scale">
                  <layers>
                    <layer ID="10001" name="Target">
                      <labels>
                        <label ID="1000101" end="25" name="Target" start="20"/>
                      </labels>
                    </layer>
                    <layer ID="10002" name="FE">
                      <labels>
                        <label ID="1000201" end="55" name="Time" start="27"/>
                      </labels>
                    </layer>
                  </layers>
                </annotationSet>
                <annotationSet ID="101" frameName="Political_locales">
                  <layers>
                    <layer ID="10101" name="Target">
                      <labels>
                        <label ID="1010101" end="102" name="Target" start="95"/>
                      </labels>
                    </layer>
                    <layer ID="10102" name="FE">
                      <labels>
                        <label ID="1010201" end="102" name="Locale" start="95"/>
                      </labels>
                    </layer>
                  </layers>
                </annotationSet>
                <annotationSet ID="102" frameName="Social_connection">
                  <layers>
                    <layer ID="10201" name="Target">
                      <labels>
                        <label ID="1020101" end="82" name="Target" start="78"/>
                      </labels>
                    </layer>
                    <layer ID="10202" name="FE">
                      <labels/>
                    </layer>
                  </layers>
                </annotationSet>
                <annotationSet ID="103" frameName="Cardinal_numbers">
                  <layers>
                    <layer ID="10301" name="Target">
                      <labels>
                        <label ID="1030101" end="90" name="Target" start="89"/>
                      </labels>
                    </layer>
                    <layer ID="10302" name="FE">
                      <labels>
                        <label ID="1030201" end="90" name="Number" start="89"/>
                      </labels>
                    </layer>
                  </layers>
                </annotationSet>
                <annotationSet ID="104" frameName="Statement">
                  <layers>
                    <layer ID="10401" name="Target">
                      <labels>
                        <label ID="1040101" end="45" name="Target" start="34"/>
                      </labels>
                    </layer>
                    <layer ID="10402" name="FE">
                      <labels>
                        <label ID="1040201" end="55" name="Message" start="47"/>
                      </labels>
                    </layer>
                  </layers>
                </annotationSet>
                <annotationSet ID="105" frameName="Social_connection">
                  <layers>
                    <layer ID="10501" name="Target">
                      <labels>
                        <label ID="1050101" end="65" name="Target" start="59"/>
                      </labels>
                    </layer>
                    <layer ID="10502" name="FE">
                      <labels/>
                    </layer>
                  </layers>
                </annotationSet>
                <annotationSet ID="106" frameName="Calendric_unit">
                  <layers>
                    <layer ID="10601" name="Target">
                      <labels>
                        <label ID="1060101" end="55" name="Target" start="47"/>
                      </labels>
                    </layer>
                    <layer ID="10602" name="FE">
                      <labels>
                        <label ID="1060201" end="55" name="Unit" start="47"/>
                      </labels>
                    </layer>
                  </layers>
                </annotationSet>
              </annotationSets>
            </sentence>
            <sentence ID="2">
              <text>Ratners and Weisfield 's said they reached an agreement in principle for the acquisition of Weisfield 's by Sterling Inc. . The companies said the acquisition is subject to a definitive agreement .</text>
              <annotationSets>
                <annotationSet ID="200" frameName="Statement">
                  <layers>
                    <layer ID="20001" name="Target">
                      <labels>
                        <label ID="2000101" end="141" name="Target" start="138"/>
                      </labels>
                    </layer>
                    <layer ID="20002" name="FE">
                      <labels>
                        <label ID="2000201" end="194" name="Message" start="143"/>
                        <label ID="2000202" end="136" name="Speaker" start="124"/>
                      </labels>
                    </layer>
                  </layers>
                </annotationSet>
                <annotationSet ID="201" frameName="Getting">
                  <layers>
                    <layer ID="20101" name="Target">
                      <labels>
                        <label ID="2010101" end="157" name="Target" start="147"/>
                      </labels>
                    </layer>
                    <layer ID="20102" name="FE">
                      <labels>
                        <label ID="2010201" end="194" name="Theme" start="159"/>
                      </labels>
                    </layer>
                  </layers>
                </annotationSet>
                <annotationSet ID="202" frameName="Getting">
                  <layers>
                    <layer ID="20201" name="Target">
                      <labels>
                        <label ID="2020101" end="87" name="Target" start="77"/>
                      </labels>
                    </layer>
                    <layer ID="20202" name="FE">
                      <labels>
                        <label ID="2020201" end="103" name="Theme" start="89"/>
                      </labels>
                    </layer>
                  </layers>
                </annotationSet>
                <annotationSet ID="203" frameName="Desiring">
                  <layers>
                    <layer ID="20301" name="Target">
                      <labels>
                        <label ID="2030101" end="115" name="Target" start="108"/>
                      </labels>
                    </layer>
                    <layer ID="20302" name="FE">
                      <labels/>
                    </layer>
                  </layers>
                </annotationSet>
                <annotationSet ID="204" frameName="Businesses">
                  <layers>
                    <layer ID="20401" name="Target">
                      <labels>
                        <label ID="2040101" end="136" name="Target" start="128"/>
                      </labels>
                    </layer>
                    <layer ID="20402" name="FE">
                      <labels>
                        <label ID="2040201" end="136" name="Business" start="128"/>
                      </labels>
                    </layer>
                  </layers>
                </annotationSet>
                <annotationSet ID="205" frameName="Make_agreement_on_action">
                  <layers>
                    <layer ID="20501" name="Target">
                      <labels>
                        <label ID="2050101" end="54" name="Target" start="46"/>
                      </labels>
                    </layer>
                    <layer ID="20502" name="FE">
                      <labels>
                        <label ID="2050201" end="67" name="Time" start="56"/>
                        <label ID="2050202" end="33" name="Party_1" start="30"/>
                      </labels>
                    </layer>
                  </layers>
                </annotationSet>
                <annotationSet ID="206" frameName="Statement">
                  <layers>
                    <layer ID="20601" name="Target">
                      <labels>
                        <label ID="2060101" end="28" name="Target" start="25"/>
                      </labels>
                    </layer>
                    <layer ID="20602" name="FE">
                      <labels>
                        <label ID="2060201" end="120" name="Message" start="30"/>
                      </labels>
                    </layer>
                  </layers>
                </annotationSet>
                <annotationSet ID="207" frameName="Make_agreement_on_action">
                  <layers>
                    <layer ID="20701" name="Target">
                      <labels>
                        <label ID="2070101" end="194" name="Target" start="186"/>
                      </labels>
                    </layer>
                    <layer ID="20702" name="FE">
                      <labels/>
                    </layer>
                  </layers>
                </annotationSet>
                <annotationSet ID="208" frameName="Arriving">
                  <layers>
                    <layer ID="20801" name="Target">
                      <labels>
                        <label ID="2080101" end="41" name="Target" start="35"/>
                      </labels>
                    </layer>
                    <layer ID="20802" name="FE">
                      <labels>
                        <label ID="2080201" end="33" name="Theme" start="30"/>
                      </labels>
                    </layer>
                  </layers>
                </annotationSet>
              </annotationSets>
            </sentence>
            <sentence ID="3">
              <text>They said they expect the transaction to be completed by Dec. 15 .</text>
              <annotationSets>
                <annotationSet ID="300" frameName="Activity_finish">
                  <layers>
                    <layer ID="30001" name="Target">
                      <labels>
                        <label ID="3000101" end="52" name="Target" start="44"/>
                      </labels>
                    </layer>
                    <layer ID="30002" name="FE">
                      <labels>
                        <label ID="3000201" end="36" name="Activity" start="22"/>
                        <label ID="3000202" end="63" name="Agent" start="54"/>
                      </labels>
                    </layer>
                  </layers>
                </annotationSet>
                <annotationSet ID="301" frameName="Statement">
                  <layers>
                    <layer ID="30101" name="Target">
                      <labels>
                        <label ID="3010101" end="8" name="Target" start="5"/>
                      </labels>
                    </layer>
                    <layer ID="30102" name="FE">
                      <labels>
                        <label ID="3010201" end="63" name="Message" start="10"/>
                        <label ID="3010202" end="3" name="Speaker" start="0"/>
                      </labels>
                    </layer>
                  </layers>
                </annotationSet>
                <annotationSet ID="302" frameName="Cardinal_numbers">
                  <layers>
                    <layer ID="30201" name="Target">
                      <labels>
                        <label ID="3020101" end="63" name="Target" start="62"/>
                      </labels>
                    </layer>
                    <layer ID="30202" name="FE">
                      <labels>
                        <label ID="3020201" end="63" name="Number" start="62"/>
                      </labels>
                    </layer>
                  </layers>
                </annotationSet>
                <annotationSet ID="303" frameName="Commerce_buy">
                  <layers>
                    <layer ID="30301" name="Target">
                      <labels>
                        <label ID="3030101" end="36" name="Target" start="26"/>
                      </labels>
                    </layer>
                    <layer ID="30302" name="FE">
                      <labels/>
                    </layer>
                  </layers>
                </annotationSet>
                <annotationSet ID="304" frameName="Expectation">
                  <layers>
                    <layer ID="30401" name="Target">
                      <labels>
                        <label ID="3040101" end="20" name="Target" start="15"/>
                      </labels>
                    </layer>
                    <layer ID="30402" name="FE">
                      <labels>
                        <label ID="3040201" end="13" name="Cognizer" start="10"/>
                        <label ID="3040202" end="36" name="Phenomenon" start="22"/>
                      </labels>
                    </layer>
                  </layers>
                </annotationSet>
              </annotationSets>
            </sentence>
            <sentence ID="4">
              <text>Weisfield 's , based in Seattle , Wash. , currently operates 87 specialty jewelry stores in nine states .</text>
              <annotationSets>
                <annotationSet ID="400" frameName="Storing">
                  <layers>
                    <layer ID="40001" name="Target">
                      <labels>
                        <label ID="4000101" end="87" name="Target" start="82"/>
                      </labels>
                    </layer>
                    <layer ID="40002" name="FE">
                      <labels>
                        <label ID="4000201" end="80" name="Theme" start="74"/>
                      </labels>
                    </layer>
                  </layers>
                </annotationSet>
                <annotationSet ID="401" frameName="Removing">
                  <layers>
                    <layer ID="40101" name="Target">
                      <labels>
                        <label ID="4010101" end="38" name="Target" start="34"/>
                      </labels>
                    </layer>
                    <layer ID="40102" name="FE">
                      <labels>
                        <label ID="4010201" end="30" name="Theme" start="24"/>
                      </labels>
                    </layer>
                  </layers>
                </annotationSet>
                <annotationSet ID="402" frameName="Temporal_collocation">
                  <layers>
                    <layer ID="40201" name="Target">
                      <labels>
                        <label ID="4020101" end="50" name="Target" start="42"/>
                      </labels>
                    </layer>
                    <layer ID="40202" name="FE">
                      <labels>
                        <label ID="4020201" end="40" name="Trajector_event" start="0"/>
                      </labels>
                    </layer>
                  </layers>
                </annotationSet>
                <annotationSet ID="403" frameName="Operating_a_system">
                  <layers>
                    <layer ID="40301" name="Target">
                      <labels>
                        <label ID="4030101" end="59" name="Target" start="52"/>
                      </labels>
                    </layer>
                    <layer ID="40302" name="FE">
                      <labels>
                        <label ID="4030201" end="102" name="System" start="61"/>
                        <label ID="4030202" end="50" name="Time" start="42"/>
                      </labels>
                    </layer>
                  </layers>
                </annotationSet>
                <annotationSet ID="404" frameName="Political_locales">
                  <layers>
                    <layer ID="40401" name="Target">
                      <labels>
                        <label ID="4040101" end="102" name="Target" start="97"/>
                      </labels>
                    </layer>
                    <layer ID="40402" name="FE">
                      <labels>
                        <label ID="4040201" end="102" name="Locale" start="97"/>
                      </labels>
                    </layer>
                  </layers>
                </annotationSet>
              </annotationSets>
            </sentence>
            <sentence ID="5">
              <text>In the fiscal year ended Jan. 31 , the company reported sales of $ 59.5 million and pretax profit of $ 2.9 million .</text>
              <annotationSets>
                <annotationSet ID="500" frameName="Statement">
                  <layers>
                    <layer ID="50001" name="Target">
                      <labels>
                        <label ID="5000101" end="54" name="Target" start="47"/>
                      </labels>
                    </layer>
                    <layer ID="50002" name="FE">
                      <labels>
                        <label ID="5000201" end="113" name="Message" start="56"/>
                        <label ID="5000202" end="45" name="Medium" start="35"/>
                        <label ID="5000203" end="31" name="Time" start="0"/>
                      </labels>
                    </layer>
                  </layers>
                </annotationSet>
                <annotationSet ID="501" frameName="Earnings_and_losses">
                  <layers>
                    <layer ID="50101" name="Target">
                      <labels>
                        <label ID="5010101" end="96" name="Target" start="91"/>
                      </labels>
                    </layer>
                    <layer ID="50102" name="FE">
                      <labels>
                        <label ID="5010201" end="113" name="Earnings" start="98"/>
                        <label ID="5010202" end="31" name="Time" start="0"/>
                      </labels>
                    </layer>
                  </layers>
                </annotationSet>
                <annotationSet ID="502" frameName="Calendric_unit">
                  <layers>
                    <layer ID="50201" name="Target">
                      <labels>
                        <label ID="5020101" end="17" name="Target" start="14"/>
                      </labels>
                    </layer>
                    <layer ID="50202" name="FE">
                      <labels>
                        <label ID="5020201" end="17" name="Unit" start="14"/>
                        <label ID="5020202" end="12" name="Relative_time" start="7"/>
                      </labels>
                    </layer>
                  </layers>
                </annotationSet>
                <annotationSet ID="503" frameName="Commerce_sell">
                  <layers>
                    <layer ID="50301" name="Target">
                      <labels>
                        <label ID="5030101" end="60" name="Target" start="56"/>
                      </labels>
                    </layer>
                    <layer ID="50302" name="FE">
                      <labels>
                        <label ID="5030201" end="78" name="Goods" start="62"/>
                      </labels>
                    </layer>
                  </layers>
                </annotationSet>
                <annotationSet ID="504" frameName="Businesses">
                  <layers>
                    <layer ID="50401" name="Target">
                      <labels>
                        <label ID="5040101" end="45" name="Target" start="39"/>
                      </labels>
                    </layer>
                    <layer ID="50402" name="FE">
                      <labels>
                        <label ID="5040201" end="45" name="Business" start="39"/>
                      </labels>
                    </layer>
                  </layers>
                </annotationSet>
                <annotationSet ID="505" frameName="Cardinal_numbers">
                  <layers>
                    <layer ID="50501" name="Target">
                      <labels>
                        <label ID="5050101" end="113" name="Target" start="107"/>
                      </labels>
                    </layer>
                    <layer ID="50502" name="FE">
                      <labels>
                        <label ID="5050201" end="113" name="Number" start="107"/>
                        <label ID="5050202" end="105" name="Multiplier" start="103"/>
                      </labels>
                    </layer>
                  </layers>
                </annotationSet>
                <annotationSet ID="506" frameName="Process_end">
                  <layers>
                    <layer ID="50601" name="Target">
                      <labels>
                        <label ID="5060101" end="23" name="Target" start="19"/>
                      </labels>
                    </layer>
                    <layer ID="50602" name="FE">
                      <labels>
                        <label ID="5060201" end="31" name="Time" start="25"/>
                        <label ID="5060202" end="17" name="Process" start="3"/>
                      </labels>
                    </layer>
                  </layers>
                </annotationSet>
                <annotationSet ID="507" frameName="Cardinal_numbers">
                  <layers>
                    <layer ID="50701" name="Target">
                      <labels>
                        <label ID="5070101" end="78" name="Target" start="72"/>
                      </labels>
                    </layer>
                    <layer ID="50702" name="FE">
                      <labels>
                        <label ID="5070201" end="78" name="Number" start="72"/>
                        <label ID="5070202" end="70" name="Multiplier" start="67"/>
                      </labels>
                    </layer>
                  </layers>
                </annotationSet>
              </annotationSets>
            </sentence>
            <sentence ID="6">
              <text>Ratners , which controls 25 % of the British jewelry market , would increase the number of its U.S. stores to about 450 stores from 360 .</text>
              <annotationSets>
                <annotationSet ID="600" frameName="Storing">
                  <layers>
                    <layer ID="60001" name="Target">
                      <labels>
                        <label ID="6000101" end="105" name="Target" start="100"/>
                      </labels>
                    </layer>
                    <layer ID="60002" name="FE">
                      <labels>
                        <label ID="6000201" end="93" name="Agent" start="91"/>
                        <label ID="6000202" end="98" name="Theme" start="95"/>
                      </labels>
                    </layer>
                  </layers>
                </annotationSet>
                <annotationSet ID="601" frameName="Quantity">
                  <layers>
                    <layer ID="60101" name="Target">
                      <labels>
                        <label ID="6010101" end="86" name="Target" start="81"/>
                      </labels>
                    </layer>
                    <layer ID="60102" name="FE">
                      <labels>
                        <label ID="6010201" end="105" name="Individuals" start="88"/>
                      </labels>
                    </layer>
                  </layers>
                </annotationSet>
                <annotationSet ID="602" frameName="Control">
                  <layers>
                    <layer ID="60201" name="Target">
                      <labels>
                        <label ID="6020101" end="23" name="Target" start="16"/>
                      </labels>
                    </layer>
                    <layer ID="60202" name="FE">
                      <labels>
                        <label ID="6020201" end="6" name="Controlling_entity" start="0"/>
                        <label ID="6020202" end="26" name="Dependent_entity" start="25"/>
                      </labels>
                    </layer>
                  </layers>
                </annotationSet>
                <annotationSet ID="603" frameName="Storing">
                  <layers>
                    <layer ID="60301" name="Target">
                      <labels>
                        <label ID="6030101" end="125" name="Target" start="120"/>
                      </labels>
                    </layer>
                    <layer ID="60302" name="FE">
                      <labels>
                        <label ID="6030201" end="118" name="Theme" start="110"/>
                      </labels>
                    </layer>
                  </layers>
                </annotationSet>
                <annotationSet ID="604" frameName="Cause_change_of_position_on_a_scale">
                  <layers>
                    <layer ID="60401" name="Target">
                      <labels>
                        <label ID="6040101" end="75" name="Target" start="68"/>
                      </labels>
                    </layer>
                    <layer ID="60402" name="FE">
                      <labels>
                        <label ID="6040201" end="105" name="Attribute" start="77"/>
                      </labels>
                    </layer>
                  </layers>
                </annotationSet>
                <annotationSet ID="605" frameName="Cardinal_numbers">
                  <layers>
                    <layer ID="60501" name="Target">
                      <labels>
                        <label ID="6050101" end="118" name="Target" start="116"/>
                      </labels>
                    </layer>
                    <layer ID="60502" name="FE">
                      <labels>
                        <label ID="6050201" end="125" name="Entity" start="120"/>
                        <label ID="6050202" end="118" name="Number" start="116"/>
                      </labels>
                    </layer>
                  </layers>
                </annotationSet>
              </annotationSets>
            </sentence>
            <sentence ID="7">
              <text>It has said it hopes to control 5 % of jewelry business in the U.S. by 1992 ; currently it controls about 2 % .</text>
              <annotationSets>
                <annotationSet ID="700" frameName="Businesses">
                  <layers>
                    <layer ID="70001" name="Target">
                      <labels>
                        <label ID="7000101" end="54" name="Target" start="47"/>
                      </labels>
                    </layer>
                    <layer ID="70002" name="FE">
                      <labels>
                        <label ID="7000201" end="54" name="Business" start="47"/>
                        <label ID="7000202" end="45" name="Service_provider" start="39"/>
                      </labels>
                    </layer>
                  </layers>
                </annotationSet>
                <annotationSet ID="701" frameName="Statement">
                  <layers>
                    <layer ID="70101" name="Target">
                      <labels>
                        <label ID="7010101" end="10" name="Target" start="7"/>
                      </labels>
                    </layer>
                    <layer ID="70102" name="FE">
                      <labels>
                        <label ID="7010201" end="74" name="Message" start="12"/>
                        <label ID="7010202" end="1" name="Speaker" start="0"/>
                      </labels>
                    </layer>
                  </layers>
                </annotationSet>
                <annotationSet ID="702" frameName="Relational_quantity">
                  <layers>
                    <layer ID="70201" name="Target">
                      <labels>
                        <label ID="7020101" end="104" name="Target" start="100"/>
                      </labels>
                    </layer>
                    <layer ID="70202" name="FE">
                      <labels>
                        <label ID="7020201" end="106" name="Reference_quantity" start="106"/>
                        <label ID="7020202" end="104" name="Denoted_quantity" start="100"/>
                      </labels>
                    </layer>
                  </layers>
                </annotationSet>
                <annotationSet ID="703" frameName="Temporal_collocation">
                  <layers>
                    <layer ID="70301" name="Target">
                      <labels>
                        <label ID="7030101" end="86" name="Target" start="78"/>
                      </labels>
                    </layer>
                    <layer ID="70302" name="FE">
                      <labels>
                        <label ID="7030201" end="89" name="Trajector_event" start="88"/>
                      </labels>
                    </layer>
                  </layers>
                </annotationSet>
                <annotationSet ID="704" frameName="Control">
                  <layers>
                    <layer ID="70401" name="Target">
                      <labels>
                        <label ID="7040101" end="30" name="Target" start="24"/>
                      </labels>
                    </layer>
                    <layer ID="70402" name="FE">
                      <labels>
                        <label ID="7040201" end="66" name="Dependent_entity" start="32"/>
                      </labels>
                    </layer>
                  </layers>
                </annotationSet>
                <annotationSet ID="705" frameName="Cardinal_numbers">
                  <layers>
                    <layer ID="70501" name="Target">
                      <labels>
                        <label ID="7050101" end="106" name="Target" start="106"/>
                      </labels>
                    </layer>
                    <layer ID="70502" name="FE">
                      <labels>
                        <label ID="7050201" end="108" name="Entity" start="108"/>
                        <label ID="7050202" end="106" name="Number" start="106"/>
                      </labels>
                    </layer>
                  </layers>
                </annotationSet>
                <annotationSet ID="706" frameName="Desiring">
                  <layers>
                    <layer ID="70601" name="Target">
                      <labels>
                        <label ID="7060101" end="19" name="Target" start="15"/>
                      </labels>
                    </layer>
                    <layer ID="70602" name="FE">
                      <labels>
                        <label ID="7060201" end="13" name="Experiencer" start="12"/>
                        <label ID="7060202" end="74" name="Event" start="21"/>
                      </labels>
                    </layer>
                  </layers>
                </annotationSet>
                <annotationSet ID="707" frameName="Control">
                  <layers>
                    <layer ID="70701" name="Target">
                      <labels>
                        <label ID="7070101" end="98" name="Target" start="91"/>
                      </labels>
                    </layer>
                    <layer ID="70702" name="FE">
                      <labels>
                        <label ID="7070201" end="89" name="Dependent_entity" start="88"/>
                      </labels>
                    </layer>
                  </layers>
                </annotationSet>
              </annotationSets>
            </sentence>
          </sentences>
        </paragraph>
      </paragraphs>
    </document>
  </documents>
</corpus>
